I'm sorry, but errors were detected in your script. Please correct the
errors listed below, and try again.


File "game/options.rpy", line 165: expected '=' not found.
    define build.itch_project - "runningzebra/keytar-hero"
                              ^

Ren'Py Version: Ren'Py 7.4.11.2266
Fri Nov 25 18:12:58 2022
